// Jest Snapshot v1, https://goo.gl/fbAQLP

exports[`Testing <PokeItem /> should match with the snatshop 1`] = `
<div>
  <div>
    <h1>
      Pikachu
    </h1>
    <span>
      #
      1
    </span>
    <img
      alt="Pikachu"
      src="https://raw.githubusercontent.com/PokeAPI/sprites/master/sprites/pokemon/other/official-artwork/1.png"
    />
  </div>
</div>
`;
